/home/bailey/miniconda3/envs/quast_env/bin/quast.py /home/bailey/Desktop/binf_capstone/data/raw/genomes/GCF_000007545.1_ASM754v1_genomic.fna -o /home/bailey/Desktop/binf_capstone/data/quast_output/GCF_000007545.1_ASM754v1_genomic_quast

Version: 5.3.0

System information:
  OS: Linux-6.14.0-37-generic-x86_64-with-glibc2.39 (linux_64)
  Python version: 3.12.12
  CPUs number: 20

Started: 2026-02-19 22:32:40

Logging to /home/bailey/Desktop/binf_capstone/data/quast_output/GCF_000007545.1_ASM754v1_genomic_quast/quast.log
NOTICE: Maximum number of threads is set to 5 (use --threads option to set it manually)

CWD: /home/bailey/Desktop/binf_capstone/scripts
Main parameters: 
  MODE: default, threads: 5, min contig length: 500, min alignment length: 65, min alignment IDY: 95.0, \
  ambiguity: one, min local misassembly length: 200, min extensive misassembly length: 1000

Contigs:
  Pre-processing...
  /home/bailey/Desktop/binf_capstone/data/raw/genomes/GCF_000007545.1_ASM754v1_genomic.fna ==> GCF_000007545.1_ASM754v1_genomic

2026-02-19 22:32:41
Running Basic statistics processor...
  Contig files: 
    GCF_000007545.1_ASM754v1_genomic
  Calculating N50 and L50...
    GCF_000007545.1_ASM754v1_genomic, N50 = 4791961, L50 = 1, auN = 4791961.0, Total length = 4791961, GC % = 52.05, # N's per 100 kbp =  0.23
  Drawing Nx plot...
    saved to /home/bailey/Desktop/binf_capstone/data/quast_output/GCF_000007545.1_ASM754v1_genomic_quast/basic_stats/Nx_plot.pdf
  Drawing cumulative plot...
    saved to /home/bailey/Desktop/binf_capstone/data/quast_output/GCF_000007545.1_ASM754v1_genomic_quast/basic_stats/cumulative_plot.pdf
  Drawing GC content plot...
    saved to /home/bailey/Desktop/binf_capstone/data/quast_output/GCF_000007545.1_ASM754v1_genomic_quast/basic_stats/GC_content_plot.pdf
  Drawing GCF_000007545.1_ASM754v1_genomic GC content plot...
    saved to /home/bailey/Desktop/binf_capstone/data/quast_output/GCF_000007545.1_ASM754v1_genomic_quast/basic_stats/GCF_000007545.1_ASM754v1_genomic_GC_content_plot.pdf
Done.

NOTICE: Genes are not predicted by default. Use --gene-finding or --glimmer option to enable it.

2026-02-19 22:32:42
Creating large visual summaries...
This may take a while: press Ctrl-C to skip this step..
  1 of 2: Creating PDF with all tables and plots...
  2 of 2: Creating Icarus viewers...
Done

2026-02-19 22:32:42
RESULTS:
  Text versions of total report are saved to /home/bailey/Desktop/binf_capstone/data/quast_output/GCF_000007545.1_ASM754v1_genomic_quast/report.txt, report.tsv, and report.tex
  Text versions of transposed total report are saved to /home/bailey/Desktop/binf_capstone/data/quast_output/GCF_000007545.1_ASM754v1_genomic_quast/transposed_report.txt, transposed_report.tsv, and transposed_report.tex
  HTML version (interactive tables and plots) is saved to /home/bailey/Desktop/binf_capstone/data/quast_output/GCF_000007545.1_ASM754v1_genomic_quast/report.html
  PDF version (tables and plots) is saved to /home/bailey/Desktop/binf_capstone/data/quast_output/GCF_000007545.1_ASM754v1_genomic_quast/report.pdf
  Icarus (contig browser) is saved to /home/bailey/Desktop/binf_capstone/data/quast_output/GCF_000007545.1_ASM754v1_genomic_quast/icarus.html
  Log is saved to /home/bailey/Desktop/binf_capstone/data/quast_output/GCF_000007545.1_ASM754v1_genomic_quast/quast.log

Finished: 2026-02-19 22:32:42
Elapsed time: 0:00:02.306108
NOTICEs: 2; WARNINGs: 0; non-fatal ERRORs: 0

Thank you for using QUAST!
