2026-04-21 20:02:31 INFO     Welcome to PhiSpy.py version 5.0.6
2026-04-21 20:02:31 INFO     Starting PhiSpy.py with the following arguments
Namespace(infile='/home/bailey/Desktop/binf_capstone/output/genome_annotation/GCF_000171535.2_ASM17153v2_genomic_bakta/GCF_000171535.2_ASM17153v2_genomic.gbff', output_dir='/home/bailey/Desktop/binf_capstone/output/prophage/GCF_000171535.2_ASM17153v2_genomic', make_training_data=None, training_set='data/trainSet_genericAll.txt', list=False, file_prefix='', evaluate=False, number=5, min_contig_size=5000, window_size=30, nonprophage_genegaps=10, phage_genes=1, metrics=['orf_length_med', 'shannon_slope', 'at_skew', 'gc_skew', 'max_direction'], randomforest_trees=500, expand_slope=False, kmers_type='all', phmms=None, include_annotations=True, ignore_annotations=False, color=False, threads=4, output_choice=3, include_all_repeats=False, keep_dropped_predictions=False, extra_dna=2000, min_repeat_len=10, log='/home/bailey/Desktop/binf_capstone/output/prophage/GCF_000171535.2_ASM17153v2_genomic/phispy.log', quiet=False, keep=False, logger=<Logger PhiSpy (Level 5)>)
2026-04-21 20:02:31 INFO     Processing 3 contigs
2026-04-21 20:02:31 INFO     Making Testing Set...
2026-04-21 20:02:33 INFO     Start Classification Algorithm...
2026-04-21 20:02:33 INFO     Using training set in data/trainSet_genericAll.txt
2026-04-21 20:02:34 INFO     Using the following metric(s): {'max_direction', 'shannon_slope', 'orf_length_med', 'gc_skew', 'at_skew'}.
2026-04-21 20:02:34 INFO     Running the random forest classifier with 500 trees and 4 threads
2026-04-21 20:03:03 INFO     Rank threshold calculated as 0.40133753999863475
2026-04-21 20:03:03 INFO     As the training flag is zero, down-weighting unknown functions
2026-04-21 20:03:03 INFO     Evaluating...
2026-04-21 20:03:03 INFO     Checking prophages we might have found
2026-04-21 20:03:03 INFO     Potential prophages (sorted highest to lowest)
2026-04-21 20:03:03 INFO     Contig	Start	Stop	Number of potential genes	Status
2026-04-21 20:03:03 INFO     contig_4	690985	738092	70	Kept
2026-04-21 20:03:03 INFO     contig_5	2274817	2340593	60	Kept
2026-04-21 20:03:03 INFO     contig_4	1006943	1050713	42	Kept
2026-04-21 20:03:03 INFO     contig_5	1567060	1589294	39	Dropped. No genes were identified as phage genes
2026-04-21 20:03:03 INFO     contig_4	1259033	1280404	13	Kept
2026-04-21 20:03:03 INFO     contig_4	1814395	1822491	12	Kept
2026-04-21 20:03:03 INFO     contig_5	705120	722111	10	Kept
2026-04-21 20:03:03 INFO     contig_4	125001	135952	5	Kept
2026-04-21 20:03:03 INFO     contig_4	1512044	1521565	4	Dropped. Region too small (Not enough genes)
2026-04-21 20:03:03 INFO     contig_5	2508610	2509695	2	Dropped. Region too small (Not enough genes)
2026-04-21 20:03:03 INFO     contig_5	1127844	1130951	2	Dropped. Region too small (Not enough genes)
2026-04-21 20:03:03 INFO     contig_5	1103467	1105338	2	Dropped. Region too small (Not enough genes)
2026-04-21 20:03:03 INFO     contig_5	269292	277243	2	Dropped. Region too small (Not enough genes)
2026-04-21 20:03:03 INFO     contig_5	2209990	2210235	1	Dropped. Region too small (Not enough genes)
2026-04-21 20:03:03 INFO     contig_5	1976246	1977142	1	Dropped. Region too small (Not enough genes)
2026-04-21 20:03:03 INFO     contig_5	1902958	1903323	1	Dropped. Region too small (Not enough genes)
2026-04-21 20:03:03 INFO     contig_5	1336094	1336330	1	Dropped. Region too small (Not enough genes)
2026-04-21 20:03:03 INFO     contig_5	1223723	1224340	1	Dropped. Region too small (Not enough genes)
2026-04-21 20:03:03 INFO     contig_5	1087677	1089356	1	Dropped. Region too small (Not enough genes)
2026-04-21 20:03:03 INFO     contig_5	1079171	1080853	1	Dropped. Region too small (Not enough genes)
2026-04-21 20:03:03 INFO     contig_5	977811	978713	1	Dropped. Region too small (Not enough genes)
2026-04-21 20:03:03 INFO     contig_5	883503	884051	1	Dropped. Region too small (Not enough genes)
2026-04-21 20:03:03 INFO     contig_5	296365	297036	1	Dropped. Region too small (Not enough genes)
2026-04-21 20:03:03 INFO     contig_4	1765406	1765681	1	Dropped. Region too small (Not enough genes)
2026-04-21 20:03:03 INFO     contig_4	1355950	1356516	1	Dropped. Region too small (Not enough genes)
2026-04-21 20:03:03 INFO     contig_4	1287677	1289551	1	Dropped. Region too small (Not enough genes)
2026-04-21 20:03:03 INFO     contig_4	150620	152668	1	Dropped. Region too small (Not enough genes)
2026-04-21 20:03:03 INFO     contig_2	4020	4454	1	Dropped. Region too small (Not enough genes)
2026-04-21 20:03:03 INFO     PROPHAGE: 1 Contig: contig_4 Start: 125001 Stop: 135952
2026-04-21 20:03:03 INFO     PROPHAGE: 2 Contig: contig_4 Start: 690985 Stop: 738092
2026-04-21 20:03:03 INFO     There were 2 repeats with the same length as the best. One chosen somewhat randomly!
2026-04-21 20:03:03 INFO     PROPHAGE: 3 Contig: contig_4 Start: 1006943 Stop: 1050713
2026-04-21 20:03:03 INFO     There were 3 repeats with the same length as the best. One chosen somewhat randomly!
2026-04-21 20:03:03 INFO     PROPHAGE: 4 Contig: contig_4 Start: 1259033 Stop: 1280404
2026-04-21 20:03:03 INFO     PROPHAGE: 5 Contig: contig_4 Start: 1814395 Stop: 1822491
2026-04-21 20:03:03 INFO     There were 3 repeats with the same length as the best. One chosen somewhat randomly!
2026-04-21 20:03:03 INFO     PROPHAGE: 6 Contig: contig_5 Start: 705120 Stop: 722111
2026-04-21 20:03:03 INFO     PROPHAGE: 7 Contig: contig_5 Start: 2274817 Stop: 2340593
2026-04-21 20:03:03 INFO     Creating output files
2026-04-21 20:03:03 INFO     Writing GenBank output file
2026-04-21 20:03:03 INFO     Writing prophage_coordinates output file
2026-04-21 20:03:03 INFO     Done!!! Output is in /home/bailey/Desktop/binf_capstone/output/prophage/GCF_000171535.2_ASM17153v2_genomic and the log is in /home/bailey/Desktop/binf_capstone/output/prophage/GCF_000171535.2_ASM17153v2_genomic/phispy.log
