2026-04-21 19:59:43 INFO     Welcome to PhiSpy.py version 5.0.6
2026-04-21 19:59:43 INFO     Starting PhiSpy.py with the following arguments
Namespace(infile='/home/bailey/Desktop/binf_capstone/output/genome_annotation/GCF_000020925.1_ASM2092v1_genomic_bakta/GCF_000020925.1_ASM2092v1_genomic.gbff', output_dir='/home/bailey/Desktop/binf_capstone/output/prophage/GCF_000020925.1_ASM2092v1_genomic', make_training_data=None, training_set='data/trainSet_genericAll.txt', list=False, file_prefix='', evaluate=False, number=5, min_contig_size=5000, window_size=30, nonprophage_genegaps=10, phage_genes=1, metrics=['orf_length_med', 'shannon_slope', 'at_skew', 'gc_skew', 'max_direction'], randomforest_trees=500, expand_slope=False, kmers_type='all', phmms=None, include_annotations=True, ignore_annotations=False, color=False, threads=4, output_choice=3, include_all_repeats=False, keep_dropped_predictions=False, extra_dna=2000, min_repeat_len=10, log='/home/bailey/Desktop/binf_capstone/output/prophage/GCF_000020925.1_ASM2092v1_genomic/phispy.log', quiet=False, keep=False, logger=<Logger PhiSpy (Level 5)>)
2026-04-21 19:59:43 INFO     Processing 2 contigs
2026-04-21 19:59:43 INFO     Making Testing Set...
2026-04-21 19:59:46 INFO     Start Classification Algorithm...
2026-04-21 19:59:46 INFO     Using training set in data/trainSet_genericAll.txt
2026-04-21 19:59:46 INFO     Using the following metric(s): {'orf_length_med', 'at_skew', 'max_direction', 'gc_skew', 'shannon_slope'}.
2026-04-21 19:59:46 INFO     Running the random forest classifier with 500 trees and 4 threads
2026-04-21 20:00:16 INFO     Rank threshold calculated as 0.39706610486891386
2026-04-21 20:00:16 INFO     As the training flag is zero, down-weighting unknown functions
2026-04-21 20:00:16 INFO     Evaluating...
2026-04-21 20:00:16 INFO     Checking prophages we might have found
2026-04-21 20:00:16 INFO     Potential prophages (sorted highest to lowest)
2026-04-21 20:00:16 INFO     Contig	Start	Stop	Number of potential genes	Status
2026-04-21 20:00:16 INFO     contig_1	616121	662714	53	Kept
2026-04-21 20:00:16 INFO     contig_1	2148820	2189654	49	Kept
2026-04-21 20:00:16 INFO     contig_1	1351456	1400266	37	Kept
2026-04-21 20:00:16 INFO     contig_1	1078187	1121002	37	Kept
2026-04-21 20:00:16 INFO     contig_1	3623200	3643508	34	Dropped. No genes were identified as phage genes
2026-04-21 20:00:16 INFO     contig_1	2924442	2959501	22	Kept
2026-04-21 20:00:16 INFO     contig_1	1866456	1874114	13	Dropped. No genes were identified as phage genes
2026-04-21 20:00:16 INFO     contig_2	6255	8463	2	Dropped. Region too small (Not enough genes)
2026-04-21 20:00:16 INFO     contig_1	1221466	1223740	2	Dropped. Region too small (Not enough genes)
2026-04-21 20:00:16 INFO     contig_1	16090	24041	2	Dropped. Region too small (Not enough genes)
2026-04-21 20:00:16 INFO     contig_2	43676	44320	1	Dropped. Region too small (Not enough genes)
2026-04-21 20:00:16 INFO     contig_1	4839209	4839880	1	Dropped. Region too small (Not enough genes)
2026-04-21 20:00:16 INFO     contig_1	4279810	4280358	1	Dropped. Region too small (Not enough genes)
2026-04-21 20:00:16 INFO     contig_1	4180840	4181742	1	Dropped. Region too small (Not enough genes)
2026-04-21 20:00:16 INFO     contig_1	3992943	3993560	1	Dropped. Region too small (Not enough genes)
2026-04-21 20:00:16 INFO     contig_1	3501551	3502510	1	Dropped. Region too small (Not enough genes)
2026-04-21 20:00:16 INFO     contig_1	3251513	3252409	1	Dropped. Region too small (Not enough genes)
2026-04-21 20:00:16 INFO     contig_1	3021081	3021326	1	Dropped. Region too small (Not enough genes)
2026-04-21 20:00:16 INFO     contig_1	2751382	2751669	1	Dropped. Region too small (Not enough genes)
2026-04-21 20:00:16 INFO     contig_1	2628514	2628768	1	Dropped. Region too small (Not enough genes)
2026-04-21 20:00:16 INFO     contig_1	2465061	2465345	1	Dropped. Region too small (Not enough genes)
2026-04-21 20:00:16 INFO     contig_1	2213416	2214291	1	Dropped. Region too small (Not enough genes)
2026-04-21 20:00:16 INFO     contig_1	2203987	2204949	1	Dropped. Region too small (Not enough genes)
2026-04-21 20:00:16 INFO     contig_1	1424522	1426570	1	Dropped. Region too small (Not enough genes)
2026-04-21 20:00:16 INFO     contig_1	555537	555662	1	Dropped. Region too small (Not enough genes)
2026-04-21 20:00:16 INFO     PROPHAGE: 1 Contig: contig_1 Start: 616121 Stop: 662714
2026-04-21 20:00:16 INFO     PROPHAGE: 2 Contig: contig_1 Start: 1078187 Stop: 1121002
2026-04-21 20:00:16 INFO     PROPHAGE: 3 Contig: contig_1 Start: 1351456 Stop: 1400266
2026-04-21 20:00:16 INFO     PROPHAGE: 4 Contig: contig_1 Start: 2148820 Stop: 2189654
2026-04-21 20:00:16 INFO     PROPHAGE: 5 Contig: contig_1 Start: 2924442 Stop: 2959501
2026-04-21 20:00:16 INFO     Creating output files
2026-04-21 20:00:16 INFO     Writing GenBank output file
2026-04-21 20:00:16 INFO     Writing prophage_coordinates output file
2026-04-21 20:00:16 INFO     Done!!! Output is in /home/bailey/Desktop/binf_capstone/output/prophage/GCF_000020925.1_ASM2092v1_genomic and the log is in /home/bailey/Desktop/binf_capstone/output/prophage/GCF_000020925.1_ASM2092v1_genomic/phispy.log
