2026-04-21 20:00:50 INFO     Welcome to PhiSpy.py version 5.0.6
2026-04-21 20:00:50 INFO     Starting PhiSpy.py with the following arguments
Namespace(infile='/home/bailey/Desktop/binf_capstone/output/genome_annotation/GCF_000170215.1_ASM17021v1_genomic_bakta/GCF_000170215.1_ASM17021v1_genomic.gbff', output_dir='/home/bailey/Desktop/binf_capstone/output/prophage/GCF_000170215.1_ASM17021v1_genomic', make_training_data=None, training_set='data/trainSet_genericAll.txt', list=False, file_prefix='', evaluate=False, number=5, min_contig_size=5000, window_size=30, nonprophage_genegaps=10, phage_genes=1, metrics=['orf_length_med', 'shannon_slope', 'at_skew', 'gc_skew', 'max_direction'], randomforest_trees=500, expand_slope=False, kmers_type='all', phmms=None, include_annotations=True, ignore_annotations=False, color=False, threads=4, output_choice=3, include_all_repeats=False, keep_dropped_predictions=False, extra_dna=2000, min_repeat_len=10, log='/home/bailey/Desktop/binf_capstone/output/prophage/GCF_000170215.1_ASM17021v1_genomic/phispy.log', quiet=False, keep=False, logger=<Logger PhiSpy (Level 5)>)
2026-04-21 20:00:51 INFO     Processing 2 contigs
2026-04-21 20:00:51 INFO     Making Testing Set...
2026-04-21 20:00:53 INFO     Start Classification Algorithm...
2026-04-21 20:00:53 INFO     Using training set in data/trainSet_genericAll.txt
2026-04-21 20:00:53 INFO     Using the following metric(s): {'orf_length_med', 'at_skew', 'gc_skew', 'max_direction', 'shannon_slope'}.
2026-04-21 20:00:53 INFO     Running the random forest classifier with 500 trees and 4 threads
2026-04-21 20:01:23 INFO     Rank threshold calculated as 0.5018931297709923
2026-04-21 20:01:23 INFO     As the training flag is zero, down-weighting unknown functions
2026-04-21 20:01:23 INFO     Evaluating...
2026-04-21 20:01:23 INFO     Checking prophages we might have found
2026-04-21 20:01:23 INFO     Potential prophages (sorted highest to lowest)
2026-04-21 20:01:23 INFO     Contig	Start	Stop	Number of potential genes	Status
2026-04-21 20:01:23 INFO     contig_2	1734979	1781783	49	Kept
2026-04-21 20:01:23 INFO     contig_2	3957616	3971417	27	Dropped. No genes were identified as phage genes
2026-04-21 20:01:23 INFO     contig_2	1947424	1953138	10	Dropped. No genes were identified as phage genes
2026-04-21 20:01:23 INFO     contig_2	56648	73531	10	Kept
2026-04-21 20:01:23 INFO     contig_2	2426282	2427849	2	Dropped. Region too small (Not enough genes)
2026-04-21 20:01:23 INFO     contig_2	1111613	1116628	2	Dropped. Region too small (Not enough genes)
2026-04-21 20:01:23 INFO     contig_2	517383	525334	2	Dropped. Region too small (Not enough genes)
2026-04-21 20:01:23 INFO     contig_2	376901	378166	2	Dropped. Region too small (Not enough genes)
2026-04-21 20:01:23 INFO     contig_2	4620631	4621179	1	Dropped. Region too small (Not enough genes)
2026-04-21 20:01:23 INFO     contig_2	4521792	4522694	1	Dropped. Region too small (Not enough genes)
2026-04-21 20:01:23 INFO     contig_2	4326541	4327158	1	Dropped. Region too small (Not enough genes)
2026-04-21 20:01:23 INFO     contig_2	3578161	3579057	1	Dropped. Region too small (Not enough genes)
2026-04-21 20:01:23 INFO     contig_2	3352169	3352414	1	Dropped. Region too small (Not enough genes)
2026-04-21 20:01:23 INFO     contig_2	3080050	3080340	1	Dropped. Region too small (Not enough genes)
2026-04-21 20:01:23 INFO     contig_2	2793965	2794492	1	Dropped. Region too small (Not enough genes)
2026-04-21 20:01:23 INFO     contig_2	2417772	2418140	1	Dropped. Region too small (Not enough genes)
2026-04-21 20:01:23 INFO     contig_2	2401055	2403103	1	Dropped. Region too small (Not enough genes)
2026-04-21 20:01:23 INFO     contig_2	1280525	1281091	1	Dropped. Region too small (Not enough genes)
2026-04-21 20:01:23 INFO     contig_2	1137922	1138263	1	Dropped. Region too small (Not enough genes)
2026-04-21 20:01:23 INFO     contig_2	1051039	1051164	1	Dropped. Region too small (Not enough genes)
2026-04-21 20:01:23 INFO     contig_2	497597	498268	1	Dropped. Region too small (Not enough genes)
2026-04-21 20:01:23 INFO     PROPHAGE: 1 Contig: contig_2 Start: 56648 Stop: 73531
2026-04-21 20:01:23 INFO     PROPHAGE: 2 Contig: contig_2 Start: 1734979 Stop: 1781783
2026-04-21 20:01:23 INFO     There were 3 repeats with the same length as the best. One chosen somewhat randomly!
2026-04-21 20:01:23 INFO     Creating output files
2026-04-21 20:01:23 INFO     Writing GenBank output file
2026-04-21 20:01:23 INFO     Writing prophage_coordinates output file
2026-04-21 20:01:23 INFO     Done!!! Output is in /home/bailey/Desktop/binf_capstone/output/prophage/GCF_000170215.1_ASM17021v1_genomic and the log is in /home/bailey/Desktop/binf_capstone/output/prophage/GCF_000170215.1_ASM17021v1_genomic/phispy.log
