2026-04-21 20:01:58 INFO     Welcome to PhiSpy.py version 5.0.6
2026-04-21 20:01:58 INFO     Starting PhiSpy.py with the following arguments
Namespace(infile='/home/bailey/Desktop/binf_capstone/output/genome_annotation/GCF_000171515.1_ASM17151v1_genomic_bakta/GCF_000171515.1_ASM17151v1_genomic.gbff', output_dir='/home/bailey/Desktop/binf_capstone/output/prophage/GCF_000171515.1_ASM17151v1_genomic', make_training_data=None, training_set='data/trainSet_genericAll.txt', list=False, file_prefix='', evaluate=False, number=5, min_contig_size=5000, window_size=30, nonprophage_genegaps=10, phage_genes=1, metrics=['orf_length_med', 'shannon_slope', 'at_skew', 'gc_skew', 'max_direction'], randomforest_trees=500, expand_slope=False, kmers_type='all', phmms=None, include_annotations=True, ignore_annotations=False, color=False, threads=4, output_choice=3, include_all_repeats=False, keep_dropped_predictions=False, extra_dna=2000, min_repeat_len=10, log='/home/bailey/Desktop/binf_capstone/output/prophage/GCF_000171515.1_ASM17151v1_genomic/phispy.log', quiet=False, keep=False, logger=<Logger PhiSpy (Level 5)>)
2026-04-21 20:01:58 INFO     Processing 28 contigs
2026-04-21 20:01:58 INFO     Making Testing Set...
2026-04-21 20:02:00 INFO     Start Classification Algorithm...
2026-04-21 20:02:00 INFO     Using training set in data/trainSet_genericAll.txt
2026-04-21 20:02:01 INFO     Using the following metric(s): {'orf_length_med', 'gc_skew', 'max_direction', 'shannon_slope', 'at_skew'}.
2026-04-21 20:02:01 INFO     Running the random forest classifier with 500 trees and 4 threads
2026-04-21 20:02:30 INFO     Rank threshold calculated as 0.4276329782823883
2026-04-21 20:02:30 INFO     As the training flag is zero, down-weighting unknown functions
2026-04-21 20:02:30 INFO     Evaluating...
2026-04-21 20:02:30 INFO     Checking prophages we might have found
2026-04-21 20:02:30 INFO     Potential prophages (sorted highest to lowest)
2026-04-21 20:02:30 INFO     Contig	Start	Stop	Number of potential genes	Status
2026-04-21 20:02:30 INFO     contig_48	77420	120188	46	Kept
2026-04-21 20:02:30 INFO     contig_44	191345	220268	29	Kept
2026-04-21 20:02:30 INFO     contig_33	6365	35863	23	Kept
2026-04-21 20:02:30 INFO     contig_48	394862	418608	21	Kept
2026-04-21 20:02:30 INFO     contig_42	196265	213496	11	Kept
2026-04-21 20:02:30 INFO     contig_40	14428	19634	10	Dropped. No genes were identified as phage genes
2026-04-21 20:02:30 INFO     contig_50	357246	363968	3	Dropped. Region too small (Not enough genes)
2026-04-21 20:02:30 INFO     contig_45	131773	139723	2	Dropped. Region too small (Not enough genes)
2026-04-21 20:02:30 INFO     contig_29	17592	19177	2	Dropped. Region too small (Not enough genes)
2026-04-21 20:02:30 INFO     contig_28	48	977	2	Dropped. Region too small (Not enough genes)
2026-04-21 20:02:30 INFO     contig_50	389526	391574	1	Dropped. Region too small (Not enough genes)
2026-04-21 20:02:30 INFO     contig_50	373256	373768	1	Dropped. Region too small (Not enough genes)
2026-04-21 20:02:30 INFO     contig_49	215588	216061	1	Dropped. Region too small (Not enough genes)
2026-04-21 20:02:30 INFO     contig_49	104478	105095	1	Dropped. Region too small (Not enough genes)
2026-04-21 20:02:30 INFO     contig_47	388277	388561	1	Dropped. Region too small (Not enough genes)
2026-04-21 20:02:30 INFO     contig_47	111560	111850	1	Dropped. Region too small (Not enough genes)
2026-04-21 20:02:30 INFO     contig_46	248830	249075	1	Dropped. Region too small (Not enough genes)
2026-04-21 20:02:30 INFO     contig_46	13468	14364	1	Dropped. Region too small (Not enough genes)
2026-04-21 20:02:30 INFO     contig_45	267457	268707	1	Dropped. Region too small (Not enough genes)
2026-04-21 20:02:30 INFO     contig_45	158841	159512	1	Dropped. Region too small (Not enough genes)
2026-04-21 20:02:30 INFO     contig_43	201119	202021	1	Dropped. Region too small (Not enough genes)
2026-04-21 20:02:30 INFO     contig_43	106826	107374	1	Dropped. Region too small (Not enough genes)
2026-04-21 20:02:30 INFO     PROPHAGE: 1 Contig: contig_33 Start: 6365 Stop: 35863
2026-04-21 20:02:30 INFO     There were 6 repeats with the same length as the best. One chosen somewhat randomly!
2026-04-21 20:02:30 INFO     PROPHAGE: 2 Contig: contig_42 Start: 196265 Stop: 213496
2026-04-21 20:02:30 INFO     There were 2 repeats with the same length as the best. One chosen somewhat randomly!
2026-04-21 20:02:30 INFO     PROPHAGE: 3 Contig: contig_44 Start: 191345 Stop: 220268
2026-04-21 20:02:30 INFO     PROPHAGE: 4 Contig: contig_48 Start: 77420 Stop: 120188
2026-04-21 20:02:30 INFO     PROPHAGE: 5 Contig: contig_48 Start: 394862 Stop: 418608
2026-04-21 20:02:30 INFO     There were 4 repeats with the same length as the best. One chosen somewhat randomly!
2026-04-21 20:02:30 INFO     Creating output files
2026-04-21 20:02:30 INFO     Writing GenBank output file
2026-04-21 20:02:30 INFO     Writing prophage_coordinates output file
2026-04-21 20:02:30 INFO     Done!!! Output is in /home/bailey/Desktop/binf_capstone/output/prophage/GCF_000171515.1_ASM17151v1_genomic and the log is in /home/bailey/Desktop/binf_capstone/output/prophage/GCF_000171515.1_ASM17151v1_genomic/phispy.log
