2026-04-21 19:59:10 INFO     Welcome to PhiSpy.py version 5.0.6
2026-04-21 19:59:10 INFO     Starting PhiSpy.py with the following arguments
Namespace(infile='/home/bailey/Desktop/binf_capstone/output/genome_annotation/GCF_000020885.1_ASM2088v1_genomic_bakta/GCF_000020885.1_ASM2088v1_genomic.gbff', output_dir='/home/bailey/Desktop/binf_capstone/output/prophage/GCF_000020885.1_ASM2088v1_genomic', make_training_data=None, training_set='data/trainSet_genericAll.txt', list=False, file_prefix='', evaluate=False, number=5, min_contig_size=5000, window_size=30, nonprophage_genegaps=10, phage_genes=1, metrics=['orf_length_med', 'shannon_slope', 'at_skew', 'gc_skew', 'max_direction'], randomforest_trees=500, expand_slope=False, kmers_type='all', phmms=None, include_annotations=True, ignore_annotations=False, color=False, threads=4, output_choice=3, include_all_repeats=False, keep_dropped_predictions=False, extra_dna=2000, min_repeat_len=10, log='/home/bailey/Desktop/binf_capstone/output/prophage/GCF_000020885.1_ASM2088v1_genomic/phispy.log', quiet=False, keep=False, logger=<Logger PhiSpy (Level 5)>)
2026-04-21 19:59:10 INFO     Processing 2 contigs
2026-04-21 19:59:10 INFO     Making Testing Set...
2026-04-21 19:59:12 INFO     Start Classification Algorithm...
2026-04-21 19:59:12 INFO     Using training set in data/trainSet_genericAll.txt
2026-04-21 19:59:13 INFO     Using the following metric(s): {'shannon_slope', 'max_direction', 'at_skew', 'orf_length_med', 'gc_skew'}.
2026-04-21 19:59:13 INFO     Running the random forest classifier with 500 trees and 4 threads
2026-04-21 19:59:42 INFO     Rank threshold calculated as 0.2490618641395675
2026-04-21 19:59:42 INFO     As the training flag is zero, down-weighting unknown functions
2026-04-21 19:59:42 INFO     Evaluating...
2026-04-21 19:59:42 INFO     Checking prophages we might have found
2026-04-21 19:59:42 INFO     Potential prophages (sorted highest to lowest)
2026-04-21 19:59:42 INFO     Contig	Start	Stop	Number of potential genes	Status
2026-04-21 19:59:42 INFO     contig_1	3490103	3529717	59	Dropped. No genes were identified as phage genes
2026-04-21 19:59:42 INFO     contig_1	2788565	2820834	35	Kept
2026-04-21 19:59:42 INFO     contig_1	4662485	4690737	30	Kept
2026-04-21 19:59:42 INFO     contig_1	1712649	1734107	29	Dropped. No genes were identified as phage genes
2026-04-21 19:59:42 INFO     contig_1	2724711	2750758	24	Kept
2026-04-21 19:59:42 INFO     contig_1	315805	327865	16	Dropped. No genes were identified as phage genes
2026-04-21 19:59:42 INFO     contig_1	1085511	1093967	15	Dropped. No genes were identified as phage genes
2026-04-21 19:59:42 INFO     contig_1	1982031	2007564	12	Kept
2026-04-21 19:59:42 INFO     contig_1	4340075	4357044	10	Kept
2026-04-21 19:59:42 INFO     contig_1	2015811	2046172	6	Kept
2026-04-21 19:59:42 INFO     contig_1	1108784	1123456	3	Dropped. Region too small (Not enough genes)
2026-04-21 19:59:42 INFO     contig_1	2586486	2589981	2	Dropped. Region too small (Not enough genes)
2026-04-21 19:59:42 INFO     contig_1	595553	600568	2	Dropped. Region too small (Not enough genes)
2026-04-21 19:59:42 INFO     contig_1	16089	24041	2	Dropped. Region too small (Not enough genes)
2026-04-21 19:59:42 INFO     contig_2	37351	37563	1	Dropped. Region too small (Not enough genes)
2026-04-21 19:59:42 INFO     contig_1	4794961	4795632	1	Dropped. Region too small (Not enough genes)
2026-04-21 19:59:42 INFO     contig_1	4179240	4179788	1	Dropped. Region too small (Not enough genes)
2026-04-21 19:59:42 INFO     contig_1	4073537	4074439	1	Dropped. Region too small (Not enough genes)
2026-04-21 19:59:42 INFO     contig_1	3878564	3879181	1	Dropped. Region too small (Not enough genes)
2026-04-21 19:59:42 INFO     contig_1	3756954	3757190	1	Dropped. Region too small (Not enough genes)
2026-04-21 19:59:42 INFO     contig_1	3544776	3545012	1	Dropped. Region too small (Not enough genes)
2026-04-21 19:59:42 INFO     contig_1	3279412	3279648	1	Dropped. Region too small (Not enough genes)
2026-04-21 19:59:42 INFO     contig_1	3121427	3122323	1	Dropped. Region too small (Not enough genes)
2026-04-21 19:59:42 INFO     contig_1	2885207	2885452	1	Dropped. Region too small (Not enough genes)
2026-04-21 19:59:42 INFO     contig_1	1257450	1259498	1	Dropped. Region too small (Not enough genes)
2026-04-21 19:59:42 INFO     contig_1	1243966	1244265	1	Dropped. Region too small (Not enough genes)
2026-04-21 19:59:42 INFO     contig_1	351637	351912	1	Dropped. Region too small (Not enough genes)
2026-04-21 19:59:42 INFO     PROPHAGE: 1 Contig: contig_1 Start: 1982031 Stop: 2007564
2026-04-21 19:59:42 INFO     PROPHAGE: 2 Contig: contig_1 Start: 2015811 Stop: 2046172
2026-04-21 19:59:42 INFO     PROPHAGE: 3 Contig: contig_1 Start: 2724711 Stop: 2750758
2026-04-21 19:59:42 INFO     PROPHAGE: 4 Contig: contig_1 Start: 2788565 Stop: 2820834
2026-04-21 19:59:42 INFO     PROPHAGE: 5 Contig: contig_1 Start: 4340075 Stop: 4357044
2026-04-21 19:59:42 INFO     PROPHAGE: 6 Contig: contig_1 Start: 4662485 Stop: 4690737
2026-04-21 19:59:42 INFO     Creating output files
2026-04-21 19:59:42 INFO     Writing GenBank output file
2026-04-21 19:59:42 INFO     Writing prophage_coordinates output file
2026-04-21 19:59:42 INFO     Done!!! Output is in /home/bailey/Desktop/binf_capstone/output/prophage/GCF_000020885.1_ASM2088v1_genomic and the log is in /home/bailey/Desktop/binf_capstone/output/prophage/GCF_000020885.1_ASM2088v1_genomic/phispy.log
