2026-04-21 19:58:03 INFO     Welcome to PhiSpy.py version 5.0.6
2026-04-21 19:58:03 INFO     Starting PhiSpy.py with the following arguments
Namespace(infile='/home/bailey/Desktop/binf_capstone/output/genome_annotation/GCF_000007545.1_ASM754v1_genomic_bakta/GCF_000007545.1_ASM754v1_genomic.gbff', output_dir='/home/bailey/Desktop/binf_capstone/output/prophage/GCF_000007545.1_ASM754v1_genomic', make_training_data=None, training_set='data/trainSet_genericAll.txt', list=False, file_prefix='', evaluate=False, number=5, min_contig_size=5000, window_size=30, nonprophage_genegaps=10, phage_genes=1, metrics=['orf_length_med', 'shannon_slope', 'at_skew', 'gc_skew', 'max_direction'], randomforest_trees=500, expand_slope=False, kmers_type='all', phmms=None, include_annotations=True, ignore_annotations=False, color=False, threads=4, output_choice=3, include_all_repeats=False, keep_dropped_predictions=False, extra_dna=2000, min_repeat_len=10, log='/home/bailey/Desktop/binf_capstone/output/prophage/GCF_000007545.1_ASM754v1_genomic/phispy.log', quiet=False, keep=False, logger=<Logger PhiSpy (Level 5)>)
2026-04-21 19:58:03 INFO     Processing 1 contigs
2026-04-21 19:58:03 INFO     Making Testing Set...
2026-04-21 19:58:05 INFO     Start Classification Algorithm...
2026-04-21 19:58:05 INFO     Using training set in data/trainSet_genericAll.txt
2026-04-21 19:58:06 INFO     Using the following metric(s): {'max_direction', 'gc_skew', 'at_skew', 'shannon_slope', 'orf_length_med'}.
2026-04-21 19:58:06 INFO     Running the random forest classifier with 500 trees and 4 threads
2026-04-21 19:58:35 INFO     Rank threshold calculated as 0.5161217030114226
2026-04-21 19:58:35 INFO     As the training flag is zero, down-weighting unknown functions
2026-04-21 19:58:35 INFO     Evaluating...
2026-04-21 19:58:35 INFO     Checking prophages we might have found
2026-04-21 19:58:35 INFO     Potential prophages (sorted highest to lowest)
2026-04-21 19:58:35 INFO     Contig	Start	Stop	Number of potential genes	Status
2026-04-21 19:58:35 INFO     contig_1	1930272	1972330	56	Kept
2026-04-21 19:58:35 INFO     contig_1	1408218	1440758	43	Kept
2026-04-21 19:58:35 INFO     contig_1	3501128	3534635	29	Kept
2026-04-21 19:58:35 INFO     contig_1	4459412	4482491	28	Kept
2026-04-21 19:58:35 INFO     contig_1	4216300	4226163	20	Dropped. No genes were identified as phage genes
2026-04-21 19:58:35 INFO     contig_1	4400559	4421140	13	Kept
2026-04-21 19:58:35 INFO     contig_1	4666742	4675775	6	Kept
2026-04-21 19:58:35 INFO     contig_1	2746767	2752731	5	Kept
2026-04-21 19:58:35 INFO     contig_1	2371423	2376437	3	Dropped. Region too small (Not enough genes)
2026-04-21 19:58:35 INFO     contig_1	2735001	2737014	2	Dropped. Region too small (Not enough genes)
2026-04-21 19:58:35 INFO     contig_1	956794	958059	2	Dropped. Region too small (Not enough genes)
2026-04-21 19:58:35 INFO     contig_1	16094	24045	2	Dropped. Region too small (Not enough genes)
2026-04-21 19:58:35 INFO     contig_1	4788268	4788939	1	Dropped. Region too small (Not enough genes)
2026-04-21 19:58:35 INFO     contig_1	4688745	4689212	1	Dropped. Region too small (Not enough genes)
2026-04-21 19:58:35 INFO     contig_1	4511590	4512603	1	Dropped. Region too small (Not enough genes)
2026-04-21 19:58:35 INFO     contig_1	4489831	4490856	1	Dropped. Region too small (Not enough genes)
2026-04-21 19:58:35 INFO     contig_1	3879695	3880312	1	Dropped. Region too small (Not enough genes)
2026-04-21 19:58:35 INFO     contig_1	3450462	3451364	1	Dropped. Region too small (Not enough genes)
2026-04-21 19:58:35 INFO     contig_1	3052442	3053338	1	Dropped. Region too small (Not enough genes)
2026-04-21 19:58:35 INFO     contig_1	2435846	2435971	1	Dropped. Region too small (Not enough genes)
2026-04-21 19:58:35 INFO     contig_1	2357626	2357967	1	Dropped. Region too small (Not enough genes)
2026-04-21 19:58:35 INFO     contig_1	2223360	2223926	1	Dropped. Region too small (Not enough genes)
2026-04-21 19:58:35 INFO     contig_1	1116352	1118400	1	Dropped. Region too small (Not enough genes)
2026-04-21 19:58:35 INFO     contig_1	1092912	1093241	1	Dropped. Region too small (Not enough genes)
2026-04-21 19:58:35 INFO     contig_1	977497	978771	1	Dropped. Region too small (Not enough genes)
2026-04-21 19:58:35 INFO     contig_1	542140	542394	1	Dropped. Region too small (Not enough genes)
2026-04-21 19:58:35 INFO     PROPHAGE: 1 Contig: contig_1 Start: 1408218 Stop: 1440758
2026-04-21 19:58:35 INFO     There were 2 repeats with the same length as the best. One chosen somewhat randomly!
2026-04-21 19:58:35 INFO     PROPHAGE: 2 Contig: contig_1 Start: 1930272 Stop: 1972330
2026-04-21 19:58:35 INFO     There were 6 repeats with the same length as the best. One chosen somewhat randomly!
2026-04-21 19:58:35 INFO     PROPHAGE: 3 Contig: contig_1 Start: 2746767 Stop: 2752731
2026-04-21 19:58:35 INFO     PROPHAGE: 4 Contig: contig_1 Start: 3501128 Stop: 3534635
2026-04-21 19:58:35 INFO     PROPHAGE: 5 Contig: contig_1 Start: 4400559 Stop: 4421140
2026-04-21 19:58:35 INFO     PROPHAGE: 6 Contig: contig_1 Start: 4459412 Stop: 4482491
2026-04-21 19:58:35 INFO     PROPHAGE: 7 Contig: contig_1 Start: 4666742 Stop: 4675775
2026-04-21 19:58:35 INFO     There were 2 repeats with the same length as the best. One chosen somewhat randomly!
2026-04-21 19:58:35 INFO     Creating output files
2026-04-21 19:58:35 INFO     Writing GenBank output file
2026-04-21 19:58:36 INFO     Writing prophage_coordinates output file
2026-04-21 19:58:36 INFO     Done!!! Output is in /home/bailey/Desktop/binf_capstone/output/prophage/GCF_000007545.1_ASM754v1_genomic and the log is in /home/bailey/Desktop/binf_capstone/output/prophage/GCF_000007545.1_ASM754v1_genomic/phispy.log
